<html>
<body>
<pre>
<h1>µVision Build Log</h1>
<h2>Tool Versions:</h2>
IDE-Version: ¦ÌVision V5.40.0.0
Copyright (C) 2024 ARM Ltd and ARM Germany GmbH. All rights reserved.
License Information:  ,  , LIC=S5ISZ-J57DA-SG87K-ZCZX8-DWAZ1-QA2PJ
 
Tool Versions:
Toolchain:       MDK-ARM Professional  Version: 5.36.0.0
Toolchain Path:  D:\STM32\ARM\ARMCC\Bin
C Compiler:      Armcc.exe V5.06 update 7 (build 960)
Assembler:       Armasm.exe V5.06 update 7 (build 960)
Linker/Locator:  ArmLink.exe V5.06 update 7 (build 960)
Library Manager: ArmAr.exe V5.06 update 7 (build 960)
Hex Converter:   FromElf.exe V5.06 update 7 (build 960)
CPU DLL:         SARMCM3.DLL V5.36.0.0
Dialog DLL:      DCM.DLL V1.17.3.0
Target DLL:      STLink\ST-LINKIII-KEIL_SWO.dll V3.0.9.0
Dialog DLL:      TCM.DLL V1.53.0.0
 
<h2>Project:</h2>
D:\BLANCE_CAR\car\MDK-ARM\OLED.uvprojx
Project File Date:  11/23/2024

<h2>Output:</h2>
*** Using Compiler 'V5.06 update 7 (build 960)', folder: 'D:\STM32\ARM\ARMCC\Bin'
Rebuild target 'OLED'
assembling startup_stm32f103xb.s...
compiling sr04.c...
../MDK-ARM/pid.h(8): warning:  #1-D: last line of file ends without a newline
  #endif
..\Core\Src\sr04.c: 1 warning, 0 errors
compiling usart.c...
compiling main.c...
../MDK-ARM/encode.h(7): warning:  #1-D: last line of file ends without a newline
  #endif
../Core/Src/main.c(71): warning:  #1295-D: Deprecated declaration read - give arg types
  void read();
../Core/Src/main.c: 2 warnings, 0 errors
compiling oled.c...
compiling gpio.c...
compiling motor.c...
..\Core\Src\motor.c(43): warning:  #1-D: last line of file ends without a newline
  }
..\Core\Src\motor.c: 1 warning, 0 errors
compiling stm32f1xx_hal_gpio_ex.c...
compiling IIC.c...
compiling tim.c...
compiling stm32f1xx_hal_exti.c...
compiling i2c.c...
compiling pid.c...
pid.h(8): warning:  #1-D: last line of file ends without a newline
  #endif
encode.h(7): warning:  #1-D: last line of file ends without a newline
  #endif
pid.c: 2 warnings, 0 errors
compiling encode.c...
encode.h(7): warning:  #1-D: last line of file ends without a newline
  #endif
encode.c(9): warning:  #1-D: last line of file ends without a newline
  }
encode.c: 2 warnings, 0 errors
compiling stm32f1xx_it.c...
compiling stm32f1xx_hal_msp.c...
compiling stm32f1xx_hal_pwr.c...
compiling stm32f1xx_hal_rcc_ex.c...
compiling stm32f1xx_hal.c...
compiling stm32f1xx_hal_gpio.c...
compiling stm32f1xx_hal_cortex.c...
compiling stm32f1xx_hal_dma.c...
compiling stm32f1xx_hal_flash.c...
compiling inv_mpu_dmp_motion_driver.c...
compiling stm32f1xx_hal_rcc.c...
compiling stm32f1xx_hal_i2c.c...
compiling mpu6050.c...
compiling stm32f1xx_hal_flash_ex.c...
compiling inv_mpu.c...
compiling stm32f1xx_hal_tim_ex.c...
compiling stm32f1xx_hal_uart.c...
compiling stm32f1xx_hal_tim.c...
compiling system_stm32f1xx.c...
linking...
Program Size: Code=31686 RO-data=6378 RW-data=248 ZI-data=2112  
FromELF: creating hex file...
"OLED\OLED.axf" - 0 Error(s), 8 Warning(s).

<h2>Software Packages used:</h2>

Package Vendor: ARM
                http://www.keil.com/pack/ARM.CMSIS.5.8.0.pack
                ARM::CMSIS@5.8.0
                CMSIS (Common Microcontroller Software Interface Standard)
   * Component: CORE Version: 5.5.0

Package Vendor: Keil
                https://www.keil.com/pack/Keil.STM32F1xx_DFP.2.4.1.pack
                Keil::STM32F1xx_DFP@2.4.1
                STMicroelectronics STM32F1 Series Device Support, Drivers and Examples

<h2>Collection of Component include folders:</h2>
  ./RTE/_OLED
  D:/STM32/ARM/CMSIS/5.8.0/CMSIS/Core/Include
  D:/STM32/Keil/STM32F1xx_DFP/2.4.1/Device/Include

<h2>Collection of Component Files used:</h2>

   * Component: ARM::CMSIS:CORE@5.5.0
      Include file:  CMSIS/Core/Include/tz_context.h
Build Time Elapsed:  00:00:06
</pre>
</body>
</html>
